
> arda_hud@0.1.0 tauri /var/home/mythos/Eregion/Arda/apps/arda-hud
> bash -lc 'source ../../scripts/runtime_build_env.sh && arda_runtime_build_env ../.. && export PKG_CONFIG_PATH=/usr/lib64/pkgconfig:/usr/lib/pkgconfig:/usr/share/pkgconfig __NV_DISABLE_EXPLICIT_SYNC=1 && tauri "$@"' -- build --no-bundle

        Info Looking up installed tauri packages to check mismatched versions...
     Running beforeBuildCommand `pnpm run build`

> arda_hud@0.1.0 build /var/home/mythos/Eregion/Arda/apps/arda-hud
> tsc && vite build

vite v7.3.6 building client environment for production...
transforming...
✓ 2619 modules transformed.
rendering chunks...
[plugin vite:reporter]
(!) /var/home/mythos/Eregion/Arda/apps/arda-hud/src/lib/boardroomSlotSettings.ts is dynamically imported by /var/home/mythos/Eregion/Arda/apps/arda-hud/src/lib/browserMonitorSession.ts but also statically imported by /var/home/mythos/Eregion/Arda/apps/arda-hud/src/App.tsx, /var/home/mythos/Eregion/Arda/apps/arda-hud/src/components/arda/hooks/useBoardroomSlotAssignments.ts, /var/home/mythos/Eregion/Arda/apps/arda-hud/src/scene/boardroom/BoardroomViewport.tsx, /var/home/mythos/Eregion/Arda/apps/arda-hud/src/scene/boardroom/MonitorSessionWorkstation.tsx, /var/home/mythos/Eregion/Arda/apps/arda-hud/src/scene/boardroom/MonitorSurfaceNativeAcceptance.tsx, /var/home/mythos/Eregion/Arda/apps/arda-hud/src/scene/boardroom/monitorSurfaceRuntime.ts, /var/home/mythos/Eregion/Arda/apps/arda-hud/src/scene/workstations/sceneSlotWorkstationTemplates.ts, dynamic import will not move module into another chunk.

computing gzip size...
dist/terminal.html                                                                               0.91 kB │ gzip:   0.48 kB
dist/index.html                                                                                  0.91 kB │ gzip:   0.37 kB
dist/assets/boardroom_desk_normal-BK3MtQqQ.png                                                   5.71 kB
dist/assets/world_ground_plate_normal-CWDcqaiX.png                                               6.01 kB
dist/assets/boardroom_desk_emissive-BbMIQqFE.png                                                 6.85 kB
dist/assets/world_ground_plate_emissive-DYrkJGi3.png                                             6.98 kB
dist/assets/world_route_marker_emissive-gWRCZrco.png                                             7.28 kB
dist/assets/world_terminal_housing_emissive-CcFZpW3G.png                                         7.54 kB
dist/assets/world_atmosphere_plate_emissive-C0GHETh_.png                                         7.97 kB
dist/assets/human_control-D6mmAEiy.glb                                                           8.02 kB
dist/assets/systems_control-BtQtuWip.glb                                                         8.08 kB
dist/assets/network_control-D3epUHyw.glb                                                         8.10 kB
dist/assets/settings_control-C7uH_mQ1.glb                                                        8.13 kB
dist/assets/governance_control-Cpr4ikRw.glb                                                      8.19 kB
dist/assets/world_ground_plate-BXQeIZ6b.glb                                                     11.16 kB
dist/assets/desk_left_surface-B8F6ghsI.glb                                                      11.26 kB
dist/assets/boardroom_desk_shell-B8drB46Q.glb                                                   11.53 kB
dist/assets/district_finance-4SGZbE4x.glb                                                       20.42 kB
dist/assets/district_governance-D3e4e95x.glb                                                    21.43 kB
dist/assets/district_operations-D1ljAtBN.glb                                                    24.19 kB
dist/assets/district_monitoring-C-oymc_x.glb                                                    33.75 kB
dist/assets/district_command-8hQz7lxx.glb                                                       39.26 kB
dist/assets/district_knowledge-BFAuB44L.glb                                                     41.84 kB
dist/assets/district_communications-DJAPBcki.glb                                                45.92 kB
dist/assets/boardroom_wall_metalness-DlCp1XFf.png                                               59.53 kB
dist/assets/boardroom_environment_preview-CVb9Hhps.jpg                                          59.81 kB
dist/assets/presence_rig-DI187x7f.glb                                                           79.38 kB
dist/assets/desk_right_surface-DhzR_cIl.glb                                                     85.93 kB
dist/assets/upper_monitor_1-BffhIc7o.glb                                                        86.35 kB
dist/assets/controlled_arda_workstation-CNge-Kgp.glb                                            97.02 kB
dist/assets/boardroom_skyline_plate-sMC5bA12.jpg                                               163.65 kB
dist/assets/boardroom_reference_atmosphere-B5DR4Sbl.jpg                                        232.37 kB
dist/assets/desk_left_surface_desk_left_surface_warm_trim_rear_normal-9In0URWL.png             304.63 kB
dist/assets/desk_left_surface_desk_left_surface_lower_shadow_base_emit-DnlFvgO0.png            304.63 kB
dist/assets/desk_left_surface_desk_left_surface_warm_trim_rear_emit-l6Dik-UO.png               307.52 kB
dist/assets/desk_left_surface_desk_left_surface_front_cyan_trace_albedo-aCkUGwhH.png           307.57 kB
dist/assets/desk_left_surface_desk_left_surface_front_cyan_trace_roughness-DNprUUDa.png        307.93 kB
dist/assets/desk_left_surface_desk_left_surface_front_cyan_trace_emit-DvkuIKG9.png             308.01 kB
dist/assets/desk_left_surface_desk_left_surface_warm_trim_rear_roughness-DQ7FsZg-.png          308.01 kB
dist/assets/desk_left_surface_desk_left_surface_warm_trim_rear_albedo-CToYo9ao.png             308.66 kB
dist/assets/desk_left_surface_desk_left_surface_smoked_glass_insert_albedo-CDYbAHIv.png        308.74 kB
dist/assets/desk_left_surface_desk_left_surface_smoked_glass_insert_roughness-D5L062Gv.png     309.22 kB
dist/assets/desk_left_surface_desk_left_surface_inner_magenta_trace_roughness-CXTddre6.png     309.41 kB
dist/assets/desk_left_surface_desk_left_surface_inner_magenta_trace_albedo-bKhLaH3R.png        309.50 kB
dist/assets/desk_left_surface_desk_left_surface_inner_magenta_trace_emit-C1A2B17K.png          309.50 kB
dist/assets/desk_left_surface_desk_left_surface_lower_shadow_base_roughness-_3sUIPg2.png       331.81 kB
dist/assets/desk_left_surface_desk_left_surface_main_trapezoid_shell_roughness-BTLSC5NS.png    333.07 kB
dist/assets/desk_left_surface_desk_left_surface_main_trapezoid_shell_albedo-DURRTRxf.png       334.10 kB
dist/assets/desk_left_surface_desk_left_surface_lower_shadow_base_albedo-DI3mUYbb.png          335.01 kB
dist/assets/upper_monitor_3-Cj2okMH1.glb                                                       336.50 kB
dist/assets/upper_monitor_2-CUSfJFlh.glb                                                       338.40 kB
dist/assets/upper_monitor_4-DavVo_Ra.glb                                                       338.40 kB
dist/assets/boardroom_floor_roughness-Bfzj5Q_o.png                                             643.41 kB
dist/assets/world_district_structure_roughness-CMdI0clX.png                                    643.47 kB
dist/assets/world_terminal_housing_roughness-g-ivQWe7.png                                      643.55 kB
dist/assets/boardroom_wall_roughness-D3JhIP0X.png                                              643.70 kB
dist/assets/boardroom_desk_roughness-Dhi6nVnc.png                                              643.70 kB
dist/assets/world_ground_plate_roughness-CUnkZVtl.png                                          643.74 kB
dist/assets/world_atmosphere_plate_roughness-Cqg1BSn7.png                                      643.76 kB
dist/assets/world_route_marker_roughness-BY1lFcP4.png                                          644.07 kB
dist/assets/boardroom_physical_stage-BIMwVZs6.glb                                              832.64 kB
dist/assets/world_ground_plate_albedo-DRg4BSaW.png                                             839.40 kB
dist/assets/boardroom_floor_albedo-BLDOy00V.png                                                845.99 kB
dist/assets/boardroom_wall_albedo-C8dA5aQS.png                                                 846.07 kB
dist/assets/world_district_structure_albedo-C4JEtTQa.png                                       846.22 kB
dist/assets/world_atmosphere_plate_albedo-BmQHwUB-.png                                         873.26 kB
dist/assets/boardroom_desk_albedo-jXOmK1MC.png                                                 900.44 kB
dist/assets/world_terminal_housing_albedo-B1sNTqqs.png                                         939.19 kB
dist/assets/boardroom_composite_iter01-DTrLiMth.glb                                            984.89 kB
dist/assets/world_route_marker_albedo-SxYJFI31.png                                             989.65 kB
dist/assets/boardroom_composite_iter02-PAZLkUXR.glb                                          1,529.97 kB
dist/assets/boardroom_environment-CJDuDhPb.hdr                                               2,097.20 kB
dist/assets/center_console-D4RPipqJ.glb                                                      2,586.52 kB
dist/assets/terminal-G5OQeJvU.css                                                                2.35 kB │ gzip:   0.72 kB
dist/assets/main-CN4tZwQN.css                                                                  198.40 kB │ gzip:  37.08 kB
dist/assets/modulepreload-polyfill-B5Qt9EMX.js                                                   0.71 kB │ gzip:   0.40 kB
dist/assets/vendor-store-FgudOYpM.js                                                             2.40 kB │ gzip:   1.13 kB
dist/assets/vendor-tauri-C4WowtZZ.js                                                             3.98 kB │ gzip:   1.57 kB
dist/assets/vendor-react-BXYnyWw3.js                                                           192.56 kB │ gzip:  60.38 kB
dist/assets/terminal-BLbDicMs.js                                                               285.25 kB │ gzip:  71.21 kB
dist/assets/vendor-three-react-Cx1T_zv2.js                                                     308.57 kB │ gzip:  98.59 kB
dist/assets/main-sin7yJ_K.js                                                                   701.62 kB │ gzip: 180.38 kB
dist/assets/vendor-three-core-GlMfvMu3.js                                                      724.96 kB │ gzip: 187.64 kB
✓ built in 5.81s
warning: unnecessary parentheses around type
  --> /var/home/mythos/Eregion/Arda/vendor/glib-0.18.5/src/value_array.rs:90:42
   |
90 |             let func = func as *mut &mut (dyn FnMut(&Value, &Value) -> Ordering);
   |                                          ^                                     ^
   |
   = note: `#[warn(unused_parens)]` (part of `#[warn(unused)]`) on by default
help: remove these parentheses
   |
90 -             let func = func as *mut &mut (dyn FnMut(&Value, &Value) -> Ordering);
90 +             let func = func as *mut &mut dyn FnMut(&Value, &Value) -> Ordering;
   |

warning: unnecessary parentheses around type
  --> /var/home/mythos/Eregion/Arda/vendor/glib-0.18.5/src/value_array.rs:99:32
   |
99 |             let func_obj: &mut (dyn FnMut(&Value, &Value) -> Ordering) = &mut func;
   |                                ^                                     ^
   |
help: remove these parentheses
   |
99 -             let func_obj: &mut (dyn FnMut(&Value, &Value) -> Ordering) = &mut func;
99 +             let func_obj: &mut dyn FnMut(&Value, &Value) -> Ordering = &mut func;
   |

warning: unnecessary parentheses around type
   --> /var/home/mythos/Eregion/Arda/vendor/glib-0.18.5/src/value_array.rs:101:42
    |
101 |                 &func_obj as *const &mut (dyn FnMut(&Value, &Value) -> Ordering) as ffi::gpointer;
    |                                          ^                                     ^
    |
help: remove these parentheses
    |
101 -                 &func_obj as *const &mut (dyn FnMut(&Value, &Value) -> Ordering) as ffi::gpointer;
101 +                 &func_obj as *const &mut dyn FnMut(&Value, &Value) -> Ordering as ffi::gpointer;
    |

warning: hiding a lifetime that's elided elsewhere is confusing
    --> /var/home/mythos/Eregion/Arda/vendor/glib-0.18.5/src/object.rs:1606:34
     |
1606 |     fn interface<T: IsInterface>(&self) -> Option<InterfaceRef<T>>;
     |                                  ^^^^^            ^^^^^^^^^^^^^^^ the same lifetime is hidden here
     |                                  |
     |                                  the lifetime is elided here
     |
     = help: the same lifetime is referred to in inconsistent ways, making the signature confusing
     = note: `#[warn(mismatched_lifetime_syntaxes)]` on by default
help: use `'_` for type paths
     |
1606 |     fn interface<T: IsInterface>(&self) -> Option<InterfaceRef<'_, T>>;
     |                                                                +++

warning: hiding a lifetime that's elided elsewhere is confusing
    --> /var/home/mythos/Eregion/Arda/vendor/glib-0.18.5/src/object.rs:2223:34
     |
2223 |     fn interface<U: IsInterface>(&self) -> Option<InterfaceRef<U>> {
     |                                  ^^^^^            ^^^^^^^^^^^^^^^ the same lifetime is hidden here
     |                                  |
     |                                  the lifetime is elided here
     |
     = help: the same lifetime is referred to in inconsistent ways, making the signature confusing
help: use `'_` for type paths
     |
2223 |     fn interface<U: IsInterface>(&self) -> Option<InterfaceRef<'_, U>> {
     |                                                                +++

warning: hiding a lifetime that's elided elsewhere is confusing
    --> /var/home/mythos/Eregion/Arda/vendor/glib-0.18.5/src/object.rs:3961:19
     |
3961 |     pub fn parent(&self) -> Option<ClassRef<T>> {
     |                   ^^^^^            ^^^^^^^^^^^ the same lifetime is hidden here
     |                   |
     |                   the lifetime is elided here
     |
     = help: the same lifetime is referred to in inconsistent ways, making the signature confusing
help: use `'_` for type paths
     |
3961 |     pub fn parent(&self) -> Option<ClassRef<'_, T>> {
     |                                             +++

warning: hiding a lifetime that's elided elsewhere is confusing
    --> /var/home/mythos/Eregion/Arda/vendor/glib-0.18.5/src/object.rs:4100:42
     |
4100 |     pub fn from_class<U: IsClass>(klass: &Class<U>) -> Option<InterfaceRef<T>> {
     |                                          ^^^^^^^^^            ^^^^^^^^^^^^^^^ the same lifetime is hidden here
     |                                          |
     |                                          the lifetime is elided here
     |
     = help: the same lifetime is referred to in inconsistent ways, making the signature confusing
help: use `'_` for type paths
     |
4100 |     pub fn from_class<U: IsClass>(klass: &Class<U>) -> Option<InterfaceRef<'_, T>> {
     |                                                                            +++

warning: hiding a lifetime that's elided elsewhere is confusing
    --> /var/home/mythos/Eregion/Arda/vendor/glib-0.18.5/src/object.rs:4170:19
     |
4170 |     pub fn parent(&self) -> Option<InterfaceRef<T>> {
     |                   ^^^^^            ^^^^^^^^^^^^^^^ the same lifetime is hidden here
     |                   |
     |                   the lifetime is elided here
     |
     = help: the same lifetime is referred to in inconsistent ways, making the signature confusing
help: use `'_` for type paths
     |
4170 |     pub fn parent(&self) -> Option<InterfaceRef<'_, T>> {
     |                                                 +++

warning: hiding a lifetime that's elided elsewhere is confusing
   --> /var/home/mythos/Eregion/Arda/vendor/glib-0.18.5/src/collections/list.rs:104:17
    |
104 |     pub fn iter(&self) -> Iter<T> {
    |                 ^^^^^     ^^^^^^^ the same lifetime is hidden here
    |                 |
    |                 the lifetime is elided here
    |
    = help: the same lifetime is referred to in inconsistent ways, making the signature confusing
help: use `'_` for type paths
    |
104 |     pub fn iter(&self) -> Iter<'_, T> {
    |                                +++

warning: hiding a lifetime that's elided elsewhere is confusing
   --> /var/home/mythos/Eregion/Arda/vendor/glib-0.18.5/src/collections/list.rs:111:21
    |
111 |     pub fn iter_mut(&mut self) -> IterMut<T> {
    |                     ^^^^^^^^^     ^^^^^^^^^^ the same lifetime is hidden here
    |                     |
    |                     the lifetime is elided here
    |
    = help: the same lifetime is referred to in inconsistent ways, making the signature confusing
help: use `'_` for type paths
    |
111 |     pub fn iter_mut(&mut self) -> IterMut<'_, T> {
    |                                           +++

warning: hiding a lifetime that's elided elsewhere is confusing
   --> /var/home/mythos/Eregion/Arda/vendor/glib-0.18.5/src/collections/slist.rs:104:17
    |
104 |     pub fn iter(&self) -> Iter<T> {
    |                 ^^^^^     ^^^^^^^ the same lifetime is hidden here
    |                 |
    |                 the lifetime is elided here
    |
    = help: the same lifetime is referred to in inconsistent ways, making the signature confusing
help: use `'_` for type paths
    |
104 |     pub fn iter(&self) -> Iter<'_, T> {
    |                                +++

warning: hiding a lifetime that's elided elsewhere is confusing
   --> /var/home/mythos/Eregion/Arda/vendor/glib-0.18.5/src/collections/slist.rs:111:21
    |
111 |     pub fn iter_mut(&mut self) -> IterMut<T> {
    |                     ^^^^^^^^^     ^^^^^^^^^^ the same lifetime is hidden here
    |                     |
    |                     the lifetime is elided here
    |
    = help: the same lifetime is referred to in inconsistent ways, making the signature confusing
help: use `'_` for type paths
    |
111 |     pub fn iter_mut(&mut self) -> IterMut<'_, T> {
    |                                           +++

warning: hiding a lifetime that's elided elsewhere is confusing
   --> /var/home/mythos/Eregion/Arda/vendor/glib-0.18.5/src/enums.rs:682:20
    |
682 |     pub fn builder(&self) -> FlagsBuilder {
    |                    ^^^^^     ^^^^^^^^^^^^ the same lifetime is hidden here
    |                    |
    |                    the lifetime is elided here
    |
    = help: the same lifetime is referred to in inconsistent ways, making the signature confusing
help: use `'_` for type paths
    |
682 |     pub fn builder(&self) -> FlagsBuilder<'_> {
    |                                          ++++

warning: hiding a lifetime that's elided elsewhere is confusing
   --> /var/home/mythos/Eregion/Arda/vendor/glib-0.18.5/src/enums.rs:689:31
    |
689 |     pub fn builder_with_value(&self, value: Value) -> Option<FlagsBuilder> {
    |                               ^^^^^                          ^^^^^^^^^^^^ the same lifetime is hidden here
    |                               |
    |                               the lifetime is elided here
    |
    = help: the same lifetime is referred to in inconsistent ways, making the signature confusing
help: use `'_` for type paths
    |
689 |     pub fn builder_with_value(&self, value: Value) -> Option<FlagsBuilder<'_>> {
    |                                                                          ++++

warning: hiding a lifetime that's elided elsewhere is confusing
   --> /var/home/mythos/Eregion/Arda/vendor/glib-0.18.5/src/enums.rs:830:25
    |
830 |     fn new(flags_class: &FlagsClass) -> FlagsBuilder {
    |                         ^^^^^^^^^^^     ^^^^^^^^^^^^ the same lifetime is hidden here
    |                         |
    |                         the lifetime is elided here
    |
    = help: the same lifetime is referred to in inconsistent ways, making the signature confusing
help: use `'_` for type paths
    |
830 |     fn new(flags_class: &FlagsClass) -> FlagsBuilder<'_> {
    |                                                     ++++

warning: hiding a lifetime that's elided elsewhere is confusing
   --> /var/home/mythos/Eregion/Arda/vendor/glib-0.18.5/src/enums.rs:835:32
    |
835 |     fn with_value(flags_class: &FlagsClass, value: Value) -> FlagsBuilder {
    |                                ^^^^^^^^^^^                   ^^^^^^^^^^^^ the same lifetime is hidden here
    |                                |
    |                                the lifetime is elided here
    |
    = help: the same lifetime is referred to in inconsistent ways, making the signature confusing
help: use `'_` for type paths
    |
835 |     fn with_value(flags_class: &FlagsClass, value: Value) -> FlagsBuilder<'_> {
    |                                                                          ++++

warning: hiding a lifetime that's named elsewhere is confusing
   --> /var/home/mythos/Eregion/Arda/vendor/glib-0.18.5/src/translate.rs:467:42
    |
467 |     fn to_glib_none_mut(&'a mut self) -> StashMut<P, Self>;
    |                          --              ^^^^^^^^^^^^^^^^^ the same lifetime is hidden here
    |                          |
    |                          the lifetime is named here
    |
    = help: the same lifetime is referred to in inconsistent ways, making the signature confusing
help: consistently use `'a`
    |
467 |     fn to_glib_none_mut(&'a mut self) -> StashMut<'a, P, Self>;
    |                                                   +++

warning: hiding a lifetime that's elided elsewhere is confusing
   --> /var/home/mythos/Eregion/Arda/vendor/glib-0.18.5/src/main_context.rs:164:20
    |
164 |     pub fn acquire(&self) -> Result<MainContextAcquireGuard, crate::BoolError> {
    |                    ^^^^^            ^^^^^^^^^^^^^^^^^^^^^^^ the same lifetime is hidden here
    |                    |
    |                    the lifetime is elided here
    |
    = help: the same lifetime is referred to in inconsistent ways, making the signature confusing
help: use `'_` for type paths
    |
164 |     pub fn acquire(&self) -> Result<MainContextAcquireGuard<'_>, crate::BoolError> {
    |                                                            ++++

warning: hiding a lifetime that's elided elsewhere is confusing
   --> /var/home/mythos/Eregion/Arda/vendor/glib-0.18.5/src/main_context.rs:192:17
    |
192 |     fn new(ctx: &MainContext) -> ThreadDefaultContext {
    |                 ^^^^^^^^^^^^     ^^^^^^^^^^^^^^^^^^^^ the same lifetime is hidden here
    |                 |
    |                 the lifetime is elided here
    |
    = help: the same lifetime is referred to in inconsistent ways, making the signature confusing
help: use `'_` for type paths
    |
192 |     fn new(ctx: &MainContext) -> ThreadDefaultContext<'_> {
    |                                                      ++++

warning: hiding a lifetime that's named elsewhere is confusing
   --> /var/home/mythos/Eregion/Arda/vendor/glib-0.18.5/src/value.rs:545:47
    |
545 |     pub fn get<'a, T>(&'a self) -> Result<T, <<T as FromValue>::Checker as ValueTypeChecker>::Error>
    |                        --                     ^^^^^^^^^^^^^^^^^^^^^^^^^ the same lifetime is hidden here
    |                        |
    |                        the lifetime is named here
    |
    = help: the same lifetime is referred to in inconsistent ways, making the signature confusing
help: consistently use `'a`
    |
545 |     pub fn get<'a, T>(&'a self) -> Result<T, <<T as FromValue<'a>>::Checker as ValueTypeChecker>::Error>
    |                                                              ++++

warning: hiding a lifetime that's elided elsewhere is confusing
   --> /var/home/mythos/Eregion/Arda/vendor/glib-0.18.5/src/value.rs:558:25
    |
558 |     pub fn get_owned<T>(&self) -> Result<T, <<T as FromValue>::Checker as ValueTypeChecker>::Error>
    |                         ^^^^^                ^^^^^^^^^^^^^^^^^^^^^^^^^ the same lifetime is hidden here
    |                         |
    |                         the lifetime is elided here
    |
    = help: the same lifetime is referred to in inconsistent ways, making the signature confusing
help: use `'_` for type paths
    |
558 |     pub fn get_owned<T>(&self) -> Result<T, <<T as FromValue<'_>>::Checker as ValueTypeChecker>::Error>
    |                                                             ++++

warning: hiding a lifetime that's elided elsewhere is confusing
   --> /var/home/mythos/Eregion/Arda/vendor/glib-0.18.5/src/variant.rs:843:27
    |
843 |     pub fn array_iter_str(&self) -> Result<VariantStrIter, VariantTypeMismatchError> {
    |                           ^^^^^            ^^^^^^^^^^^^^^ the same lifetime is hidden here
    |                           |
    |                           the lifetime is elided here
    |
    = help: the same lifetime is referred to in inconsistent ways, making the signature confusing
help: use `'_` for type paths
    |
843 |     pub fn array_iter_str(&self) -> Result<VariantStrIter<'_>, VariantTypeMismatchError> {
    |                                                          ++++

warning: hiding a lifetime that's elided elsewhere is confusing
   --> /var/home/mythos/Eregion/Arda/vendor/glib-0.18.5/src/variant_type.rs:592:24
    |
592 |     pub fn tuple_types(&self) -> VariantTyIterator {
    |                        ^^^^^     ^^^^^^^^^^^^^^^^^ the same lifetime is hidden here
    |                        |
    |                        the lifetime is elided here
    |
    = help: the same lifetime is referred to in inconsistent ways, making the signature confusing
help: use `'_` for type paths
    |
592 |     pub fn tuple_types(&self) -> VariantTyIterator<'_> {
    |                                                   ++++

warning: hiding a lifetime that's elided elsewhere is confusing
    --> /var/home/mythos/Eregion/Arda/vendor/glib-0.18.5/src/param_spec.rs:1060:15
     |
1060 |         name: &str,
     |               ^^^^ the lifetime is elided here
1061 |         default_value: T,
1062 |     ) -> ParamSpecEnumBuilder<T> {
     |          ^^^^^^^^^^^^^^^^^^^^^^^ the same lifetime is hidden here
     |
     = help: the same lifetime is referred to in inconsistent ways, making the signature confusing
help: use `'_` for type paths
     |
1062 |     ) -> ParamSpecEnumBuilder<'_, T> {
     |                               +++

warning: hiding a lifetime that's elided elsewhere is confusing
    --> /var/home/mythos/Eregion/Arda/vendor/glib-0.18.5/src/param_spec.rs:1067:15
     |
1067 |         name: &str,
     |               ^^^^ the lifetime is elided here
1068 |     ) -> ParamSpecEnumBuilder<T> {
     |          ^^^^^^^^^^^^^^^^^^^^^^^ the same lifetime is hidden here
     |
     = help: the same lifetime is referred to in inconsistent ways, making the signature confusing
help: use `'_` for type paths
     |
1068 |     ) -> ParamSpecEnumBuilder<'_, T> {
     |                               +++

warning: hiding a lifetime that's elided elsewhere is confusing
    --> /var/home/mythos/Eregion/Arda/vendor/glib-0.18.5/src/param_spec.rs:1208:15
     |
1208 |         name: &str,
     |               ^^^^ the lifetime is elided here
1209 |     ) -> ParamSpecFlagsBuilder<T> {
     |          ^^^^^^^^^^^^^^^^^^^^^^^^ the same lifetime is hidden here
     |
     = help: the same lifetime is referred to in inconsistent ways, making the signature confusing
help: use `'_` for type paths
     |
1209 |     ) -> ParamSpecFlagsBuilder<'_, T> {
     |                                +++

warning: hiding a lifetime that's elided elsewhere is confusing
    --> /var/home/mythos/Eregion/Arda/vendor/glib-0.18.5/src/param_spec.rs:1350:26
     |
1350 |     pub fn builder(name: &str) -> ParamSpecStringBuilder {
     |                          ^^^^     ^^^^^^^^^^^^^^^^^^^^^^ the same lifetime is hidden here
     |                          |
     |                          the lifetime is elided here
     |
     = help: the same lifetime is referred to in inconsistent ways, making the signature confusing
help: use `'_` for type paths
     |
1350 |     pub fn builder(name: &str) -> ParamSpecStringBuilder<'_> {
     |                                                         ++++

warning: hiding a lifetime that's elided elsewhere is confusing
    --> /var/home/mythos/Eregion/Arda/vendor/glib-0.18.5/src/param_spec.rs:1492:41
     |
1492 |     pub fn builder<T: StaticType>(name: &str) -> ParamSpecBoxedBuilder<T> {
     |                                         ^^^^     ^^^^^^^^^^^^^^^^^^^^^^^^ the same lifetime is hidden here
     |                                         |
     |                                         the lifetime is elided here
     |
     = help: the same lifetime is referred to in inconsistent ways, making the signature confusing
help: use `'_` for type paths
     |
1492 |     pub fn builder<T: StaticType>(name: &str) -> ParamSpecBoxedBuilder<'_, T> {
     |                                                                        +++

warning: hiding a lifetime that's elided elsewhere is confusing
    --> /var/home/mythos/Eregion/Arda/vendor/glib-0.18.5/src/param_spec.rs:1645:26
     |
1645 |     pub fn builder(name: &str) -> ParamSpecValueArrayBuilder {
     |                          ^^^^     ^^^^^^^^^^^^^^^^^^^^^^^^^^ the same lifetime is hidden here
     |                          |
     |                          the lifetime is elided here
     |
     = help: the same lifetime is referred to in inconsistent ways, making the signature confusing
help: use `'_` for type paths
     |
1645 |     pub fn builder(name: &str) -> ParamSpecValueArrayBuilder<'_> {
     |                                                             ++++

warning: hiding a lifetime that's elided elsewhere is confusing
    --> /var/home/mythos/Eregion/Arda/vendor/glib-0.18.5/src/param_spec.rs:1743:55
     |
1743 |     pub fn builder<T: StaticType + IsA<Object>>(name: &str) -> ParamSpecObjectBuilder<T> {
     |                                                       ^^^^     ^^^^^^^^^^^^^^^^^^^^^^^^^ the same lifetime is hidden here
     |                                                       |
     |                                                       the lifetime is elided here
     |
     = help: the same lifetime is referred to in inconsistent ways, making the signature confusing
help: use `'_` for type paths
     |
1743 |     pub fn builder<T: StaticType + IsA<Object>>(name: &str) -> ParamSpecObjectBuilder<'_, T> {
     |                                                                                       +++

warning: hiding a lifetime that's elided elsewhere is confusing
   --> /var/home/mythos/Eregion/Arda/vendor/glib-0.18.5/src/subclass/types.rs:710:17
    |
710 |     fn instance(&self) -> crate::BorrowedObject<Self::Type>;
    |                 ^^^^^     ^^^^^^^^^^^^^^^^^^^^^^^^^^^^^^^^^ the same lifetime is hidden here
    |                 |
    |                 the lifetime is elided here
    |
    = help: the same lifetime is referred to in inconsistent ways, making the signature confusing
help: use `'_` for type paths
    |
710 |     fn instance(&self) -> crate::BorrowedObject<'_, Self::Type>;
    |                                                 +++

warning: hiding a lifetime that's elided elsewhere is confusing
   --> /var/home/mythos/Eregion/Arda/vendor/glib-0.18.5/src/subclass/types.rs:722:12
    |
722 |     fn obj(&self) -> crate::BorrowedObject<Self::Type>;
    |            ^^^^^     ^^^^^^^^^^^^^^^^^^^^^^^^^^^^^^^^^ the same lifetime is hidden here
    |            |
    |            the lifetime is elided here
    |
    = help: the same lifetime is referred to in inconsistent ways, making the signature confusing
help: use `'_` for type paths
    |
722 |     fn obj(&self) -> crate::BorrowedObject<'_, Self::Type>;
    |                                            +++

warning: hiding a lifetime that's elided elsewhere is confusing
   --> /var/home/mythos/Eregion/Arda/vendor/glib-0.18.5/src/subclass/types.rs:744:17
    |
744 |     fn instance(&self) -> crate::BorrowedObject<Self::Type> {
    |                 ^^^^^     ^^^^^^^^^^^^^^^^^^^^^^^^^^^^^^^^^ the same lifetime is hidden here
    |                 |
    |                 the lifetime is elided here
    |
    = help: the same lifetime is referred to in inconsistent ways, making the signature confusing
help: use `'_` for type paths
    |
744 |     fn instance(&self) -> crate::BorrowedObject<'_, Self::Type> {
    |                                                 +++

warning: hiding a lifetime that's elided elsewhere is confusing
   --> /var/home/mythos/Eregion/Arda/vendor/glib-0.18.5/src/subclass/types.rs:754:12
    |
754 |     fn obj(&self) -> crate::BorrowedObject<Self::Type> {
    |            ^^^^^     ^^^^^^^^^^^^^^^^^^^^^^^^^^^^^^^^^ the same lifetime is hidden here
    |            |
    |            the lifetime is elided here
    |
    = help: the same lifetime is referred to in inconsistent ways, making the signature confusing
help: use `'_` for type paths
    |
754 |     fn obj(&self) -> crate::BorrowedObject<'_, Self::Type> {
    |                                            +++

warning: `glib` (lib) generated 34 warnings (run `cargo fix --lib -p glib` to apply 34 suggestions)
   Compiling arda_hud v0.1.0 (/var/home/mythos/Eregion/Arda/apps/arda-hud/src-tauri)
warning: methods `active_session`, `active_snapshot`, and `session_json` are never used
   --> src/commands/monitor_surface/contract.rs:150:12
    |
 14 | impl MonitorSurfaceContractState {
    | -------------------------------- methods in this implementation
...
150 |     pub fn active_session(&self, slot_id: &str) -> Option<MonitorSessionRecord> {
    |            ^^^^^^^^^^^^^^
...
160 |     pub fn active_snapshot(&self) -> SessionRegistryDocument {
    |            ^^^^^^^^^^^^^^^
...
168 |     pub fn session_json(&self) -> Result<String, String> {
    |            ^^^^^^^^^^^^
    |
    = note: `#[warn(dead_code)]` (part of `#[warn(unused)]`) on by default

warning: constant `MONITOR_SURFACE_SCHEMA_VERSION` is never used
 --> src/commands/monitor_surface/registry.rs:6:11
  |
6 | pub const MONITOR_SURFACE_SCHEMA_VERSION: &str = "arda.monitor-surface-session.v2";
  |           ^^^^^^^^^^^^^^^^^^^^^^^^^^^^^^

warning: struct `MonitorSessionRegistryState` is never constructed
 --> src/commands/monitor_surface/registry.rs:9:12
  |
9 | pub struct MonitorSessionRegistryState {
  |            ^^^^^^^^^^^^^^^^^^^^^^^^^^^

warning: methods `insert_session`, `remove_session`, `active_session`, `claim_snapshot`, and `restore` are never used
  --> src/commands/monitor_surface/registry.rs:48:12
   |
47 | impl MonitorSessionRegistryState {
   | -------------------------------- methods in this implementation
48 |     pub fn insert_session(&self, session: MonitorSessionRecord) {
   |            ^^^^^^^^^^^^^^
...
53 |     pub fn remove_session(&self, slot_id: &str) -> Option<MonitorSessionRecord> {
   |            ^^^^^^^^^^^^^^
...
58 |     pub fn active_session(&self, slot_id: &str) -> Option<MonitorSessionRecord> {
   |            ^^^^^^^^^^^^^^
...
68 |     pub fn claim_snapshot(&self) -> SessionRegistryDocument {
   |            ^^^^^^^^^^^^^^
...
77 |     pub fn restore(&self, document: SessionRegistryDocument) -> Result<(), String> {
   |            ^^^^^^^

warning: function `session_registry_document_json` is never used
   --> src/commands/monitor_surface/registry.rs:155:8
    |
155 | pub fn session_registry_document_json(
    |        ^^^^^^^^^^^^^^^^^^^^^^^^^^^^^^

warning: function `parse_session_registry_document` is never used
   --> src/commands/monitor_surface/registry.rs:161:8
    |
161 | pub fn parse_session_registry_document(value: Option<&str>) -> Option<SessionRegistryDocument> {
    |        ^^^^^^^^^^^^^^^^^^^^^^^^^^^^^^^

warning: `arda_hud` (lib) generated 6 warnings
    Finished `release` profile [optimized] target(s) in 1m 47s
       Built application at: /var/home/mythos/.cache/arda-build/target/release/arda_hud
