
> arda_hud@0.1.0 build /var/home/mythos/Eregion/Arda/apps/arda-hud
> tsc && vite build

vite v7.3.6 building client environment for production...
transforming...
✓ 2619 modules transformed.
rendering chunks...
[plugin vite:reporter]
(!) /var/home/mythos/Eregion/Arda/apps/arda-hud/src/lib/boardroomSlotSettings.ts is dynamically imported by /var/home/mythos/Eregion/Arda/apps/arda-hud/src/lib/browserMonitorSession.ts but also statically imported by /var/home/mythos/Eregion/Arda/apps/arda-hud/src/App.tsx, /var/home/mythos/Eregion/Arda/apps/arda-hud/src/components/arda/hooks/useBoardroomSlotAssignments.ts, /var/home/mythos/Eregion/Arda/apps/arda-hud/src/scene/boardroom/BoardroomViewport.tsx, /var/home/mythos/Eregion/Arda/apps/arda-hud/src/scene/boardroom/MonitorSessionWorkstation.tsx, /var/home/mythos/Eregion/Arda/apps/arda-hud/src/scene/boardroom/MonitorSurfaceNativeAcceptance.tsx, /var/home/mythos/Eregion/Arda/apps/arda-hud/src/scene/boardroom/monitorSurfaceRuntime.ts, /var/home/mythos/Eregion/Arda/apps/arda-hud/src/scene/workstations/sceneSlotWorkstationTemplates.ts, dynamic import will not move module into another chunk.

computing gzip size...
dist/terminal.html                                                                               0.91 kB │ gzip:   0.48 kB
dist/index.html                                                                                  0.91 kB │ gzip:   0.37 kB
dist/assets/boardroom_desk_normal-BK3MtQqQ.png                                                   5.71 kB
dist/assets/world_ground_plate_normal-CWDcqaiX.png                                               6.01 kB
dist/assets/boardroom_desk_emissive-BbMIQqFE.png                                                 6.85 kB
dist/assets/world_ground_plate_emissive-DYrkJGi3.png                                             6.98 kB
dist/assets/world_route_marker_emissive-gWRCZrco.png                                             7.28 kB
dist/assets/world_terminal_housing_emissive-CcFZpW3G.png                                         7.54 kB
dist/assets/world_atmosphere_plate_emissive-C0GHETh_.png                                         7.97 kB
dist/assets/human_control-D6mmAEiy.glb                                                           8.02 kB
dist/assets/systems_control-BtQtuWip.glb                                                         8.08 kB
dist/assets/network_control-D3epUHyw.glb                                                         8.10 kB
dist/assets/settings_control-C7uH_mQ1.glb                                                        8.13 kB
dist/assets/governance_control-Cpr4ikRw.glb                                                      8.19 kB
dist/assets/world_ground_plate-BXQeIZ6b.glb                                                     11.16 kB
dist/assets/desk_left_surface-B8F6ghsI.glb                                                      11.26 kB
dist/assets/boardroom_desk_shell-B8drB46Q.glb                                                   11.53 kB
dist/assets/district_finance-4SGZbE4x.glb                                                       20.42 kB
dist/assets/district_governance-D3e4e95x.glb                                                    21.43 kB
dist/assets/district_operations-D1ljAtBN.glb                                                    24.19 kB
dist/assets/district_monitoring-C-oymc_x.glb                                                    33.75 kB
dist/assets/district_command-8hQz7lxx.glb                                                       39.26 kB
dist/assets/district_knowledge-BFAuB44L.glb                                                     41.84 kB
dist/assets/district_communications-DJAPBcki.glb                                                45.92 kB
dist/assets/boardroom_wall_metalness-DlCp1XFf.png                                               59.53 kB
dist/assets/boardroom_environment_preview-CVb9Hhps.jpg                                          59.81 kB
dist/assets/presence_rig-DI187x7f.glb                                                           79.38 kB
dist/assets/desk_right_surface-DhzR_cIl.glb                                                     85.93 kB
dist/assets/upper_monitor_1-BffhIc7o.glb                                                        86.35 kB
dist/assets/controlled_arda_workstation-CNge-Kgp.glb                                            97.02 kB
dist/assets/boardroom_skyline_plate-sMC5bA12.jpg                                               163.65 kB
dist/assets/boardroom_reference_atmosphere-B5DR4Sbl.jpg                                        232.37 kB
dist/assets/desk_left_surface_desk_left_surface_warm_trim_rear_normal-9In0URWL.png             304.63 kB
dist/assets/desk_left_surface_desk_left_surface_lower_shadow_base_emit-DnlFvgO0.png            304.63 kB
dist/assets/desk_left_surface_desk_left_surface_warm_trim_rear_emit-l6Dik-UO.png               307.52 kB
dist/assets/desk_left_surface_desk_left_surface_front_cyan_trace_albedo-aCkUGwhH.png           307.57 kB
dist/assets/desk_left_surface_desk_left_surface_front_cyan_trace_roughness-DNprUUDa.png        307.93 kB
dist/assets/desk_left_surface_desk_left_surface_front_cyan_trace_emit-DvkuIKG9.png             308.01 kB
dist/assets/desk_left_surface_desk_left_surface_warm_trim_rear_roughness-DQ7FsZg-.png          308.01 kB
dist/assets/desk_left_surface_desk_left_surface_warm_trim_rear_albedo-CToYo9ao.png             308.66 kB
dist/assets/desk_left_surface_desk_left_surface_smoked_glass_insert_albedo-CDYbAHIv.png        308.74 kB
dist/assets/desk_left_surface_desk_left_surface_smoked_glass_insert_roughness-D5L062Gv.png     309.22 kB
dist/assets/desk_left_surface_desk_left_surface_inner_magenta_trace_roughness-CXTddre6.png     309.41 kB
dist/assets/desk_left_surface_desk_left_surface_inner_magenta_trace_albedo-bKhLaH3R.png        309.50 kB
dist/assets/desk_left_surface_desk_left_surface_inner_magenta_trace_emit-C1A2B17K.png          309.50 kB
dist/assets/desk_left_surface_desk_left_surface_lower_shadow_base_roughness-_3sUIPg2.png       331.81 kB
dist/assets/desk_left_surface_desk_left_surface_main_trapezoid_shell_roughness-BTLSC5NS.png    333.07 kB
dist/assets/desk_left_surface_desk_left_surface_main_trapezoid_shell_albedo-DURRTRxf.png       334.10 kB
dist/assets/desk_left_surface_desk_left_surface_lower_shadow_base_albedo-DI3mUYbb.png          335.01 kB
dist/assets/upper_monitor_3-Cj2okMH1.glb                                                       336.50 kB
dist/assets/upper_monitor_2-CUSfJFlh.glb                                                       338.40 kB
dist/assets/upper_monitor_4-DavVo_Ra.glb                                                       338.40 kB
dist/assets/boardroom_floor_roughness-Bfzj5Q_o.png                                             643.41 kB
dist/assets/world_district_structure_roughness-CMdI0clX.png                                    643.47 kB
dist/assets/world_terminal_housing_roughness-g-ivQWe7.png                                      643.55 kB
dist/assets/boardroom_wall_roughness-D3JhIP0X.png                                              643.70 kB
dist/assets/boardroom_desk_roughness-Dhi6nVnc.png                                              643.70 kB
dist/assets/world_ground_plate_roughness-CUnkZVtl.png                                          643.74 kB
dist/assets/world_atmosphere_plate_roughness-Cqg1BSn7.png                                      643.76 kB
dist/assets/world_route_marker_roughness-BY1lFcP4.png                                          644.07 kB
dist/assets/boardroom_physical_stage-BIMwVZs6.glb                                              832.64 kB
dist/assets/world_ground_plate_albedo-DRg4BSaW.png                                             839.40 kB
dist/assets/boardroom_floor_albedo-BLDOy00V.png                                                845.99 kB
dist/assets/boardroom_wall_albedo-C8dA5aQS.png                                                 846.07 kB
dist/assets/world_district_structure_albedo-C4JEtTQa.png                                       846.22 kB
dist/assets/world_atmosphere_plate_albedo-BmQHwUB-.png                                         873.26 kB
dist/assets/boardroom_desk_albedo-jXOmK1MC.png                                                 900.44 kB
dist/assets/world_terminal_housing_albedo-B1sNTqqs.png                                         939.19 kB
dist/assets/boardroom_composite_iter01-DTrLiMth.glb                                            984.89 kB
dist/assets/world_route_marker_albedo-SxYJFI31.png                                             989.65 kB
dist/assets/boardroom_composite_iter02-PAZLkUXR.glb                                          1,529.97 kB
dist/assets/boardroom_environment-CJDuDhPb.hdr                                               2,097.20 kB
dist/assets/center_console-D4RPipqJ.glb                                                      2,586.52 kB
dist/assets/terminal-G5OQeJvU.css                                                                2.35 kB │ gzip:   0.72 kB
dist/assets/main-CN4tZwQN.css                                                                  198.40 kB │ gzip:  37.08 kB
dist/assets/modulepreload-polyfill-B5Qt9EMX.js                                                   0.71 kB │ gzip:   0.40 kB
dist/assets/vendor-store-FgudOYpM.js                                                             2.40 kB │ gzip:   1.13 kB
dist/assets/vendor-tauri-C4WowtZZ.js                                                             3.98 kB │ gzip:   1.57 kB
dist/assets/vendor-react-BXYnyWw3.js                                                           192.56 kB │ gzip:  60.38 kB
dist/assets/terminal-BLbDicMs.js                                                               285.25 kB │ gzip:  71.21 kB
dist/assets/vendor-three-react-Cx1T_zv2.js                                                     308.57 kB │ gzip:  98.59 kB
dist/assets/main-sin7yJ_K.js                                                                   701.62 kB │ gzip: 180.38 kB
dist/assets/vendor-three-core-GlMfvMu3.js                                                      724.96 kB │ gzip: 187.64 kB
✓ built in 5.72s
