{
  "output": "docs/plans/arda-hud-lower-workstations/evidence/native/phase10-native-profile-20260816.json",
  "summary": {
    "root_pid": 1840076,
    "measurement_seconds": 60.055,
    "sample_interval_seconds": 10.0,
    "samples": 7,
    "aggregate_cpu_one_core_percent": 11.64,
    "anonymous_mib_start": 218.79,
    "anonymous_mib_end": 233.53,
    "anonymous_mib_peak": 233.53,
    "anonymous_mib_growth": 14.74,
    "private_clean_mib_start": 68.82,
    "private_clean_mib_end": 68.89,
    "private_clean_mib_peak": 68.89,
    "private_clean_mib_growth": 0.08,
    "private_dirty_mib_start": 253.98,
    "private_dirty_mib_end": 268.68,
    "private_dirty_mib_peak": 268.68,
    "private_dirty_mib_growth": 14.71,
    "pss_anon_mib_start": 218.79,
    "pss_anon_mib_end": 233.53,
    "pss_anon_mib_peak": 233.53,
    "pss_anon_mib_growth": 14.74,
    "pss_file_mib_start": 170.43,
    "pss_file_mib_end": 170.55,
    "pss_file_mib_peak": 170.55,
    "pss_file_mib_growth": 0.12,
    "pss_mib_start": 393.19,
    "pss_mib_end": 408.04,
    "pss_mib_peak": 408.04,
    "pss_mib_growth": 14.86,
    "pss_shmem_mib_start": 3.97,
    "pss_shmem_mib_end": 3.97,
    "pss_shmem_mib_peak": 3.97,
    "pss_shmem_mib_growth": 0.0,
    "rss_mib_start": 559.87,
    "rss_mib_end": 574.84,
    "rss_mib_peak": 574.84,
    "rss_mib_growth": 14.97,
    "shared_clean_mib_start": 229.16,
    "shared_clean_mib_end": 229.34,
    "shared_clean_mib_peak": 229.34,
    "shared_clean_mib_growth": 0.18,
    "shared_dirty_mib_start": 7.92,
    "shared_dirty_mib_end": 7.92,
    "shared_dirty_mib_peak": 7.92,
    "shared_dirty_mib_growth": 0.0,
    "swap_mib_start": 0.0,
    "swap_mib_end": 0.0,
    "swap_mib_peak": 0.0,
    "swap_mib_growth": 0.0
  },
  "roles": {
    "launcher": {
      "anonymous_mib_start": 57.64,
      "anonymous_mib_end": 57.39,
      "anonymous_mib_peak": 57.64,
      "private_clean_mib_start": 20.45,
      "private_clean_mib_end": 20.45,
      "private_clean_mib_peak": 20.45,
      "private_dirty_mib_start": 57.64,
      "private_dirty_mib_end": 57.39,
      "private_dirty_mib_peak": 57.64,
      "pss_anon_mib_start": 57.64,
      "pss_anon_mib_end": 57.39,
      "pss_anon_mib_peak": 57.64,
      "pss_file_mib_start": 48.68,
      "pss_file_mib_end": 48.71,
      "pss_file_mib_peak": 48.72,
      "pss_mib_start": 110.29,
      "pss_mib_end": 110.07,
      "pss_mib_peak": 110.29,
      "pss_shmem_mib_start": 3.96,
      "pss_shmem_mib_end": 3.96,
      "pss_shmem_mib_peak": 3.96,
      "rss_mib_start": 180.73,
      "rss_mib_end": 180.55,
      "rss_mib_peak": 180.73,
      "shared_clean_mib_start": 94.73,
      "shared_clean_mib_end": 94.79,
      "shared_clean_mib_peak": 94.79,
      "shared_dirty_mib_start": 7.91,
      "shared_dirty_mib_end": 7.91,
      "shared_dirty_mib_peak": 7.91,
      "swap_mib_start": 0.0,
      "swap_mib_end": 0.0,
      "swap_mib_peak": 0.0
    },
    "other": {
      "anonymous_mib_start": 0.0,
      "anonymous_mib_end": 0.0,
      "anonymous_mib_peak": 0.0,
      "private_clean_mib_start": 0.0,
      "private_clean_mib_end": 0.0,
      "private_clean_mib_peak": 0.0,
      "private_dirty_mib_start": 0.0,
      "private_dirty_mib_end": 0.0,
      "private_dirty_mib_peak": 0.0,
      "pss_anon_mib_start": 0.0,
      "pss_anon_mib_end": 0.0,
      "pss_anon_mib_peak": 0.0,
      "pss_file_mib_start": 0.0,
      "pss_file_mib_end": 0.0,
      "pss_file_mib_peak": 0.0,
      "pss_mib_start": 0.0,
      "pss_mib_end": 0.0,
      "pss_mib_peak": 0.0,
      "pss_shmem_mib_start": 0.0,
      "pss_shmem_mib_end": 0.0,
      "pss_shmem_mib_peak": 0.0,
      "rss_mib_start": 0.0,
      "rss_mib_end": 0.0,
      "rss_mib_peak": 0.0,
      "shared_clean_mib_start": 0.0,
      "shared_clean_mib_end": 0.0,
      "shared_clean_mib_peak": 0.0,
      "shared_dirty_mib_start": 0.0,
      "shared_dirty_mib_end": 0.0,
      "shared_dirty_mib_peak": 0.0,
      "swap_mib_start": 0.0,
      "swap_mib_end": 0.0,
      "swap_mib_peak": 0.0
    },
    "webkit_network": {
      "anonymous_mib_start": 11.73,
      "anonymous_mib_end": 11.73,
      "anonymous_mib_peak": 11.73,
      "private_clean_mib_start": 1.14,
      "private_clean_mib_end": 1.18,
      "private_clean_mib_peak": 1.18,
      "private_dirty_mib_start": 11.77,
      "private_dirty_mib_end": 11.73,
      "private_dirty_mib_peak": 11.77,
      "pss_anon_mib_start": 11.73,
      "pss_anon_mib_end": 11.73,
      "pss_anon_mib_peak": 11.73,
      "pss_file_mib_start": 8.39,
      "pss_file_mib_end": 8.39,
      "pss_file_mib_peak": 8.39,
      "pss_mib_start": 20.13,
      "pss_mib_end": 20.13,
      "pss_mib_peak": 20.13,
      "pss_shmem_mib_start": 0.0,
      "pss_shmem_mib_end": 0.0,
      "pss_shmem_mib_peak": 0.0,
      "rss_mib_start": 46.77,
      "rss_mib_end": 46.77,
      "rss_mib_peak": 46.77,
      "shared_clean_mib_start": 33.86,
      "shared_clean_mib_end": 33.86,
      "shared_clean_mib_peak": 33.86,
      "shared_dirty_mib_start": 0.0,
      "shared_dirty_mib_end": 0.0,
      "shared_dirty_mib_peak": 0.0,
      "swap_mib_start": 0.0,
      "swap_mib_end": 0.0,
      "swap_mib_peak": 0.0
    },
    "webkit_web": {
      "anonymous_mib_start": 149.41,
      "anonymous_mib_end": 164.4,
      "anonymous_mib_peak": 164.4,
      "private_clean_mib_start": 47.23,
      "private_clean_mib_end": 47.27,
      "private_clean_mib_peak": 47.27,
      "private_dirty_mib_start": 184.57,
      "private_dirty_mib_end": 199.55,
      "private_dirty_mib_peak": 199.55,
      "pss_anon_mib_start": 149.41,
      "pss_anon_mib_end": 164.4,
      "pss_anon_mib_peak": 164.4,
      "pss_file_mib_start": 113.35,
      "pss_file_mib_end": 113.44,
      "pss_file_mib_peak": 113.44,
      "pss_mib_start": 262.78,
      "pss_mib_end": 277.85,
      "pss_mib_peak": 277.85,
      "pss_shmem_mib_start": 0.01,
      "pss_shmem_mib_end": 0.01,
      "pss_shmem_mib_peak": 0.01,
      "rss_mib_start": 332.37,
      "rss_mib_end": 347.53,
      "rss_mib_peak": 347.53,
      "shared_clean_mib_start": 100.57,
      "shared_clean_mib_end": 100.7,
      "shared_clean_mib_peak": 100.7,
      "shared_dirty_mib_start": 0.0,
      "shared_dirty_mib_end": 0.0,
      "shared_dirty_mib_peak": 0.0,
      "swap_mib_start": 0.0,
      "swap_mib_end": 0.0,
      "swap_mib_peak": 0.0
    }
  }
}
